2026-07-09 10:48:17  WARN: HikariPool-1 - Thread starvation or clock leap detected (housekeeper delta=47s470ms786µs201ns).
2026-07-09 10:49:00  WARN: HikariPool-1 - Thread starvation or clock leap detected (housekeeper delta=1m21s884ms304µs272ns).
2026-07-09 10:49:59  WARN: HikariPool-1 - Thread starvation or clock leap detected (housekeeper delta=1m3s633ms167µs296ns).
2026-07-09 10:53:40  INFO: Operating system name: Linux version: 6.10.14-linuxkit architecture: amd64
2026-07-09 10:53:44  INFO: Java runtime name: OpenJDK 64-Bit Server VM vendor: Eclipse Adoptium version: 25.0.3+9-LTS
2026-07-09 10:53:44  INFO: Memory limit heap: 1960mb non-heap: 0mb
2026-07-09 10:53:44  INFO: Character encoding: UTF-8
2026-07-09 10:53:44  INFO: Version: 6.14.5
2026-07-09 10:53:44  INFO: Starting server...
2026-07-09 10:53:49  INFO: HikariPool-1 - Starting...
2026-07-09 10:53:59  INFO: HikariPool-1 - Added connection conn0: url=jdbc:h2:./data/database user=SA
2026-07-09 10:53:59  INFO: HikariPool-1 - Start completed.
2026-07-09 10:54:00  INFO: Set default schema name to PUBLIC
2026-07-09 10:54:02  INFO: Successfully acquired change log lock
2026-07-09 10:54:02  INFO: Clearing database change log checksums for database h2
2026-07-09 10:54:02  INFO: Successfully released change log lock
2026-07-09 10:54:02  INFO: Command execution complete
2026-07-09 10:54:04  INFO: Reading from PUBLIC.DATABASECHANGELOG
2026-07-09 10:54:08  INFO: Reading from PUBLIC.DATABASECHANGELOG
2026-07-09 10:54:08  INFO: Reading from PUBLIC.DATABASECHANGELOG
2026-07-09 10:54:08  INFO: UPDATE SUMMARY
2026-07-09 10:54:08  INFO: Run:                          0
2026-07-09 10:54:08  INFO: Previously run:              33
2026-07-09 10:54:08  INFO: Filtered out:                 1
2026-07-09 10:54:08  INFO: -------------------------------
2026-07-09 10:54:08  INFO: Total change sets:           34
2026-07-09 10:54:08  INFO: FILTERED CHANGE SETS SUMMARY
2026-07-09 10:54:08  INFO: DBMS mismatch:                1
2026-07-09 10:54:08  INFO: Update summary generated
2026-07-09 10:54:08  INFO: Command execution complete
2026-07-09 10:54:42  INFO: jetty-12.1.8; built: 2026-04-01T01:09:18.991Z; git: c9cdc9aaa434a3665b8a53b4d1cc3684992da649; jvm 25.0.3+9-LTS
2026-07-09 10:56:26  INFO: Session workerName=node0
2026-07-09 10:56:26  INFO: Started oeje10s.ServletContextHandler@16949dfa{ROOT,/,b=file:///opt/traccar/web/,a=AVAILABLE,h=oeje10s.SessionHandler@d6d683e{STARTED}}
2026-07-09 10:56:39  INFO: Started oeje10s.ServletContextHandler@16949dfa{ROOT,/,b=file:///opt/traccar/web/,a=AVAILABLE,h=oeje10s.SessionHandler@d6d683e{STARTED}}
2026-07-09 10:56:39  INFO: Started oejs.ServerConnector@3d455f2c{HTTP/1.1, (http/1.1)}{0.0.0.0:8082}
2026-07-09 10:56:39  INFO: Started oejs.Server@31fc658f{STARTING}[12.1.8,sto=0] @122154ms
2026-07-09 11:41:36  INFO: Operating system name: Linux version: 6.10.14-linuxkit architecture: amd64
2026-07-09 11:41:36  INFO: Java runtime name: OpenJDK 64-Bit Server VM vendor: Eclipse Adoptium version: 25.0.3+9-LTS
2026-07-09 11:41:36  INFO: Memory limit heap: 1960mb non-heap: 0mb
2026-07-09 11:41:36  INFO: Character encoding: UTF-8
2026-07-09 11:41:36  INFO: Version: 6.14.5
2026-07-09 11:41:36  INFO: Starting server...
2026-07-09 11:43:32  INFO: Operating system name: Linux version: 6.10.14-linuxkit architecture: amd64
2026-07-09 11:43:32  INFO: Java runtime name: OpenJDK 64-Bit Server VM vendor: Eclipse Adoptium version: 25.0.3+9-LTS
2026-07-09 11:43:32  INFO: Memory limit heap: 1960mb non-heap: 0mb
2026-07-09 11:43:32  INFO: Character encoding: UTF-8
2026-07-09 11:43:32  INFO: Version: 6.14.5
2026-07-09 11:43:32  INFO: Starting server...
2026-07-09 11:49:04  INFO: Operating system name: Linux version: 6.10.14-linuxkit architecture: amd64
2026-07-09 11:49:04  INFO: Java runtime name: OpenJDK 64-Bit Server VM vendor: Eclipse Adoptium version: 25.0.3+9-LTS
2026-07-09 11:49:04  INFO: Memory limit heap: 1960mb non-heap: 0mb
2026-07-09 11:49:04  INFO: Character encoding: UTF-8
2026-07-09 11:49:04  INFO: Version: 6.14.5
2026-07-09 11:49:04  INFO: Starting server...
2026-07-09 11:50:04  INFO: Operating system name: Linux version: 6.10.14-linuxkit architecture: amd64
2026-07-09 11:50:05  INFO: Java runtime name: OpenJDK 64-Bit Server VM vendor: Eclipse Adoptium version: 25.0.3+9-LTS
2026-07-09 11:50:05  INFO: Memory limit heap: 1960mb non-heap: 0mb
2026-07-09 11:50:05  INFO: Character encoding: UTF-8
2026-07-09 11:50:05  INFO: Version: 6.14.5
2026-07-09 11:50:05  INFO: Starting server...
2026-07-09 11:50:20  INFO: Operating system name: Linux version: 6.10.14-linuxkit architecture: amd64
2026-07-09 11:50:20  INFO: Java runtime name: OpenJDK 64-Bit Server VM vendor: Eclipse Adoptium version: 25.0.3+9-LTS
2026-07-09 11:50:20  INFO: Memory limit heap: 1960mb non-heap: 0mb
2026-07-09 11:50:20  INFO: Character encoding: UTF-8
2026-07-09 11:50:20  INFO: Version: 6.14.5
2026-07-09 11:50:20  INFO: Starting server...
2026-07-09 11:50:22  INFO: HikariPool-1 - Starting...
2026-07-09 11:52:54  INFO: Operating system name: Linux version: 6.10.14-linuxkit architecture: amd64
2026-07-09 11:52:54  INFO: Java runtime name: OpenJDK 64-Bit Server VM vendor: Eclipse Adoptium version: 25.0.3+9-LTS
2026-07-09 11:52:54  INFO: Memory limit heap: 1960mb non-heap: 0mb
2026-07-09 11:52:54  INFO: Character encoding: UTF-8
2026-07-09 11:52:54  INFO: Version: 6.14.5
2026-07-09 11:52:54  INFO: Starting server...
2026-07-09 11:52:58  INFO: HikariPool-1 - Starting...
2026-07-09 11:53:07  INFO: HikariPool-1 - Added connection conn0: url=jdbc:h2:./data/database user=SA
2026-07-09 11:53:07  INFO: HikariPool-1 - Start completed.
2026-07-09 11:53:08  INFO: Set default schema name to PUBLIC
2026-07-09 11:53:09  INFO: Successfully acquired change log lock
2026-07-09 11:53:09  INFO: Clearing database change log checksums for database h2
2026-07-09 11:53:09  INFO: Successfully released change log lock
2026-07-09 11:53:09  INFO: Command execution complete
2026-07-09 11:53:13  INFO: Reading from PUBLIC.DATABASECHANGELOG
2026-07-09 11:53:15  INFO: Reading from PUBLIC.DATABASECHANGELOG
2026-07-09 11:53:15  INFO: Reading from PUBLIC.DATABASECHANGELOG
2026-07-09 11:53:16  INFO: UPDATE SUMMARY
2026-07-09 11:53:16  INFO: Run:                          0
2026-07-09 11:53:16  INFO: Previously run:              33
2026-07-09 11:53:16  INFO: Filtered out:                 1
2026-07-09 11:53:16  INFO: -------------------------------
2026-07-09 11:53:16  INFO: Total change sets:           34
2026-07-09 11:53:16  INFO: FILTERED CHANGE SETS SUMMARY
2026-07-09 11:53:16  INFO: DBMS mismatch:                1
2026-07-09 11:53:16  INFO: Update summary generated
2026-07-09 11:53:16  INFO: Command execution complete
2026-07-09 11:54:04  INFO: jetty-12.1.8; built: 2026-04-01T01:09:18.991Z; git: c9cdc9aaa434a3665b8a53b4d1cc3684992da649; jvm 25.0.3+9-LTS
2026-07-09 11:54:04  INFO: Session workerName=node0
2026-07-09 11:54:04  INFO: Started oeje10s.ServletContextHandler@d6d683e{ROOT,/,b=file:///opt/traccar/web/,a=AVAILABLE,h=oeje10s.SessionHandler@42cfd794{STARTED}}
2026-07-09 11:54:13  INFO: Started oeje10s.ServletContextHandler@d6d683e{ROOT,/,b=file:///opt/traccar/web/,a=AVAILABLE,h=oeje10s.SessionHandler@42cfd794{STARTED}}
2026-07-09 11:54:13  INFO: Started oejs.ServerConnector@72c1bf75{HTTP/1.1, (http/1.1)}{0.0.0.0:8082}
2026-07-09 11:54:13  INFO: Started oejs.Server@570b85dd{STARTING}[12.1.8,sto=0] @8362ms
